// Jest Snapshot v1, https://goo.gl/fbAQLP

exports[`readDirSync 1`] = `
Array [
  Object {
    "isFile": false,
    "itemPath": "/Users/vn0dimt/Repos/Personal/utlz/src/__tests__/readDirSyncTest/dir1",
    "name": "dir1",
  },
  Object {
    "isFile": false,
    "itemPath": "/Users/vn0dimt/Repos/Personal/utlz/src/__tests__/readDirSyncTest/dir2",
    "name": "dir2",
  },
  Object {
    "isFile": true,
    "itemPath": "/Users/vn0dimt/Repos/Personal/utlz/src/__tests__/readDirSyncTest/file1.txt",
    "name": "file1.txt",
  },
  Object {
    "isFile": true,
    "itemPath": "/Users/vn0dimt/Repos/Personal/utlz/src/__tests__/readDirSyncTest/file2.txt",
    "name": "file2.txt",
  },
]
`;
